// Jest Snapshot v1, https://goo.gl/fbAQLP

exports[`break.js 1`] = `
const f = (argument1, argument2, argument3) =>
  (doSomethingWithArgument(argument1), doSomethingWithArgument(argument2),argument1)
~~~~~~~~~~~~~~~~~~~~~~~~~~~~~~~~~~~~~~~~~~~~~~~~~~~~~~~~~~~~~~~~~~~~~~~~~~~~~~~~
const f = (argument1, argument2, argument3) => (
  doSomethingWithArgument(argument1),
  doSomethingWithArgument(argument2),
  argument1
);

`;
