// Jest Snapshot v1, https://goo.gl/fbAQLP

exports[`multiple.js 1`] = `
"[...a, ...b,];
[...a, ...b];
~~~~~~~~~~~~~~~~~~~~~~~~~~~~~~~~~~~~~~~~~~~~~~~~~~~~~~~~~~~~~~~~~~~~~~~~~~~~~~~~
[...a, ...b];
[...a, ...b];
"
`;

exports[`multiple.js 2`] = `
"[...a, ...b,];
[...a, ...b];
~~~~~~~~~~~~~~~~~~~~~~~~~~~~~~~~~~~~~~~~~~~~~~~~~~~~~~~~~~~~~~~~~~~~~~~~~~~~~~~~
[...a, ...b];
[...a, ...b];
"
`;
