// Jest Snapshot v1, https://goo.gl/fbAQLP

exports[`preserves shebang 1`] = `
"#!/usr/bin/env node
\\"use strict\\";
"
`;
