// Jest Snapshot v1, https://goo.gl/fbAQLP

exports[`doesn't ignore node_modules with --with-node-modules flag 1`] = `
"node_modules/node-module.js
not_node_modules/file.js
regular-module.js
"
`;

exports[`doesn't ignore node_modules with --with-node-modules flag for file list 1`] = `
"node_modules/node-module.js
not_node_modules/file.js
regular-module.js
"
`;

exports[`ignores node_modules by default 1`] = `
"not_node_modules/file.js
regular-module.js
"
`;

exports[`ignores node_modules by default for file list 1`] = `
"not_node_modules/file.js
regular-module.js
"
`;

exports[`ignores node_modules by with ./**/*.js 1`] = `
"./not_node_modules/file.js
./regular-module.js
"
`;
