// Jest Snapshot v1, https://goo.gl/fbAQLP

exports[`insensitive.css 1`] = `
input[type="radio" i] {
}
~~~~~~~~~~~~~~~~~~~~~~~~~~~~~~~~~~~~~~~~~~~~~~~~~~~~~~~~~~~~~~~~~~~~~~~~~~~~~~~~
input[type="radio" i] {
}

`;
