// Jest Snapshot v1, https://goo.gl/fbAQLP

exports[`styled-components.js 1`] = `
const Button = styled.button\`
	  color:   palevioletred ;

	font-size : 1em   ;
\`;

const TomatoButton = Button.extend\`
	color  : tomato  ;

border-color : tomato
    ;

\`;
~~~~~~~~~~~~~~~~~~~~~~~~~~~~~~~~~~~~~~~~~~~~~~~~~~~~~~~~~~~~~~~~~~~~~~~~~~~~~~~~
const Button = styled.button\`
  color: palevioletred;

  font-size: 1em;
\`;

const TomatoButton = Button.extend\`
  color: tomato;

  border-color: tomato;
\`;

`;
