// Jest Snapshot v1, https://goo.gl/fbAQLP

exports[`directives.css 1`] = `
@import (multiple) "foo.less";
~~~~~~~~~~~~~~~~~~~~~~~~~~~~~~~~~~~~~~~~~~~~~~~~~~~~~~~~~~~~~~~~~~~~~~~~~~~~~~~~
@import (multiple) "foo.less";

`;

exports[`url.css 1`] = `
@import url('foo');
$dir: 'fonts';
~~~~~~~~~~~~~~~~~~~~~~~~~~~~~~~~~~~~~~~~~~~~~~~~~~~~~~~~~~~~~~~~~~~~~~~~~~~~~~~~
@import url('foo');
$dir: 'fonts';

`;
