// Jest Snapshot v1, https://goo.gl/fbAQLP

exports[`body.js 1`] = `
"with (a);
if (1); else if (2); else;
for (;;);
while (1);
for (var i in o);
for (var i of o);
do; while(1);
~~~~~~~~~~~~~~~~~~~~~~~~~~~~~~~~~~~~~~~~~~~~~~~~~~~~~~~~~~~~~~~~~~~~~~~~~~~~~~~~
with (a);
if (1);
else if (2);
else;
for (;;);
while (1);
for (var i in o);
for (var i of o);
do;
while (1);
"
`;

exports[`body.js 2`] = `
"with (a);
if (1); else if (2); else;
for (;;);
while (1);
for (var i in o);
for (var i of o);
do; while(1);
~~~~~~~~~~~~~~~~~~~~~~~~~~~~~~~~~~~~~~~~~~~~~~~~~~~~~~~~~~~~~~~~~~~~~~~~~~~~~~~~
with (a);
if (1);
else if (2);
else;
for (;;);
while (1);
for (var i in o);
for (var i of o);
do;
while (1);
"
`;
