// Jest Snapshot v1, https://goo.gl/fbAQLP

exports[`parens.ts 1`] = `
(a ? b : c) ![tokenKey];
(a || b) ![tokenKey];

async function f() {
    return (await foo())!;
}

function* g() {
    return (yield * foo())!;
}
~~~~~~~~~~~~~~~~~~~~~~~~~~~~~~~~~~~~~~~~~~~~~~~~~~~~~~~~~~~~~~~~~~~~~~~~~~~~~~~~
(a ? b : c)![tokenKey];
(a || b)![tokenKey];

async function f() {
  return (await foo())!;
}

function* g() {
  return (yield* foo())!;
}

`;
