// Jest Snapshot v1, https://goo.gl/fbAQLP

exports[`module.js 1`] = `
"declare module X {
  declare interface Y { x: number; }
}
~~~~~~~~~~~~~~~~~~~~~~~~~~~~~~~~~~~~~~~~~~~~~~~~~~~~~~~~~~~~~~~~~~~~~~~~~~~~~~~~
declare module X {
  declare interface Y { x: number }
}
"
`;
