// Jest Snapshot v1, https://goo.gl/fbAQLP

exports[`return_type.js 1`] = `
const fail = (): X => <x />;
~~~~~~~~~~~~~~~~~~~~~~~~~~~~~~~~~~~~~~~~~~~~~~~~~~~~~~~~~~~~~~~~~~~~~~~~~~~~~~~~
const fail = (): X => <x />;

`;
