// Jest Snapshot v1, https://goo.gl/fbAQLP

exports[`expand.js 1`] = `
"const veryVeryVeryVeryVeryVeryVeryLong = doc.expandedStates[doc.expandedStates.length - 1];
const small = doc.expandedStates[doc.expandedStates.length - 1];~~~~~~~~~~~~~~~~~~~~~~~~~~~~~~~~~~~~~~~~~~~~~~~~~~~~~~~~~~~~~~~~~~~~~~~~~~~~~~~~
const veryVeryVeryVeryVeryVeryVeryLong = doc.expandedStates[
  doc.expandedStates.length - 1
];
const small = doc.expandedStates[doc.expandedStates.length - 1];
"
`;

exports[`expand.js 2`] = `
"const veryVeryVeryVeryVeryVeryVeryLong = doc.expandedStates[doc.expandedStates.length - 1];
const small = doc.expandedStates[doc.expandedStates.length - 1];~~~~~~~~~~~~~~~~~~~~~~~~~~~~~~~~~~~~~~~~~~~~~~~~~~~~~~~~~~~~~~~~~~~~~~~~~~~~~~~~
const veryVeryVeryVeryVeryVeryVeryLong = doc.expandedStates[
  doc.expandedStates.length - 1
];
const small = doc.expandedStates[doc.expandedStates.length - 1];
"
`;
