// Jest Snapshot v1, https://goo.gl/fbAQLP

exports[`A1.js 1`] = `
"/**
 * @providesModule A
 * @flow
 */
~~~~~~~~~~~~~~~~~~~~~~~~~~~~~~~~~~~~~~~~~~~~~~~~~~~~~~~~~~~~~~~~~~~~~~~~~~~~~~~~
/**
 * @providesModule A
 * @flow
 */
"
`;

exports[`A3.js 1`] = `
"// @flow

require('A');
~~~~~~~~~~~~~~~~~~~~~~~~~~~~~~~~~~~~~~~~~~~~~~~~~~~~~~~~~~~~~~~~~~~~~~~~~~~~~~~~
// @flow

require(\\"A\\");
"
`;
