// Jest Snapshot v1, https://goo.gl/fbAQLP

exports[`line-ending.js 1`] = `
"this;
has;
windows;
line;
endings;
~~~~~~~~~~~~~~~~~~~~~~~~~~~~~~~~~~~~~~~~~~~~~~~~~~~~~~~~~~~~~~~~~~~~~~~~~~~~~~~~
this;
has;
windows;
line;
endings;
"
`;

exports[`line-ending.js 2`] = `
"this;
has;
windows;
line;
endings;
~~~~~~~~~~~~~~~~~~~~~~~~~~~~~~~~~~~~~~~~~~~~~~~~~~~~~~~~~~~~~~~~~~~~~~~~~~~~~~~~
this;
has;
windows;
line;
endings;
"
`;
