// Jest Snapshot v1, https://goo.gl/fbAQLP

exports[`comments.js 1`] = `
class A // comment 1
  // comment 2
  extends B {}

class A extends B // comment1
// comment2
// comment3
{}

class A /* a */ extends B {}
class A extends B /* a */ {}
class A extends /* a */ B {}

(class A // comment 1
  // comment 2
  extends B {});

(class A extends B // comment1
// comment2
// comment3
{});

(class A /* a */ extends B {});
(class A extends B /* a */ {});
(class A extends /* a */ B {});

class x {
  focus() // do nothing
  {
    // do nothing
  }
}

class X {
  TEMPLATE =
    // tab index is needed so we can focus, which is needed for keyboard events
    '<div class="ag-large-text" tabindex="0">' +
    '<div class="ag-large-textarea"></div>' +
    '</div>';
}
~~~~~~~~~~~~~~~~~~~~~~~~~~~~~~~~~~~~~~~~~~~~~~~~~~~~~~~~~~~~~~~~~~~~~~~~~~~~~~~~
// comment 1
// comment 2
class A extends B {}

// comment1
// comment2
// comment3
class A extends B {}

class A /* a */ extends B {}
class A extends B /* a */ {
}
class A extends /* a */ B {}

// comment 1
// comment 2
(class A extends B {});

// comment1
// comment2
// comment3
(class A extends B {});

(class A /* a */ extends B {});
(class A extends B /* a */ {
});
(class A extends /* a */ B {});

class x {
  focus() // do nothing
  {
    // do nothing
  }
}

class X {
  TEMPLATE =
    // tab index is needed so we can focus, which is needed for keyboard events
    '<div class="ag-large-text" tabindex="0">' +
      '<div class="ag-large-textarea"></div>' +
      "</div>";
}

`;
