// Jest Snapshot v1, https://goo.gl/fbAQLP

exports[`comment.js 1`] = `
"function foo() {
  return {
    // this comment causes the problem
    bar: baz() + 1
  };
}
~~~~~~~~~~~~~~~~~~~~~~~~~~~~~~~~~~~~~~~~~~~~~~~~~~~~~~~~~~~~~~~~~~~~~~~~~~~~~~~~
function foo() {
  return {
    // this comment causes the problem
    bar: baz() + 1
  };
}
"
`;

exports[`comment.js 2`] = `
"function foo() {
  return {
    // this comment causes the problem
    bar: baz() + 1
  };
}
~~~~~~~~~~~~~~~~~~~~~~~~~~~~~~~~~~~~~~~~~~~~~~~~~~~~~~~~~~~~~~~~~~~~~~~~~~~~~~~~
function foo() {
  return {
    // this comment causes the problem
    bar: baz() + 1
  };
}
"
`;

exports[`test.js 1`] = `
"const a = classnames({
  \\"some-prop\\": this.state.longLongLongLongLongLongLongLongLongTooLongProp
});

const b = classnames({
  \\"some-prop\\": this.state.longLongLongLongLongLongLongLongLongTooLongProp === true
});

const c = classnames({
  \\"some-prop\\": [ \\"foo\\", \\"bar\\", \\"foo\\", \\"bar\\", \\"foo\\", \\"bar\\", \\"foo\\", \\"bar\\", \\"foo\\" ]
});

const d = classnames({
  \\"some-prop\\": () => {}
});

const e = classnames({
  \\"some-prop\\": function bar() {}
});

const f = classnames({
  \\"some-prop\\": { foo: \\"bar\\", bar: \\"foo\\", foo: \\"bar\\", bar: \\"foo\\", foo: \\"bar\\" }
});

const g = classnames({
  \\"some-prop\\": longLongLongLongLongLongLongLongLongLongLongLongLongTooLongVar || 1337
});
~~~~~~~~~~~~~~~~~~~~~~~~~~~~~~~~~~~~~~~~~~~~~~~~~~~~~~~~~~~~~~~~~~~~~~~~~~~~~~~~
const a = classnames({
  \\"some-prop\\": this.state.longLongLongLongLongLongLongLongLongTooLongProp
});

const b = classnames({
  \\"some-prop\\": this.state.longLongLongLongLongLongLongLongLongTooLongProp ===
    true
});

const c = classnames({
  \\"some-prop\\": [\\"foo\\", \\"bar\\", \\"foo\\", \\"bar\\", \\"foo\\", \\"bar\\", \\"foo\\", \\"bar\\", \\"foo\\"]
});

const d = classnames({
  \\"some-prop\\": () => {}
});

const e = classnames({
  \\"some-prop\\": function bar() {}
});

const f = classnames({
  \\"some-prop\\": { foo: \\"bar\\", bar: \\"foo\\", foo: \\"bar\\", bar: \\"foo\\", foo: \\"bar\\" }
});

const g = classnames({
  \\"some-prop\\": longLongLongLongLongLongLongLongLongLongLongLongLongTooLongVar ||
    1337
});
"
`;

exports[`test.js 2`] = `
"const a = classnames({
  \\"some-prop\\": this.state.longLongLongLongLongLongLongLongLongTooLongProp
});

const b = classnames({
  \\"some-prop\\": this.state.longLongLongLongLongLongLongLongLongTooLongProp === true
});

const c = classnames({
  \\"some-prop\\": [ \\"foo\\", \\"bar\\", \\"foo\\", \\"bar\\", \\"foo\\", \\"bar\\", \\"foo\\", \\"bar\\", \\"foo\\" ]
});

const d = classnames({
  \\"some-prop\\": () => {}
});

const e = classnames({
  \\"some-prop\\": function bar() {}
});

const f = classnames({
  \\"some-prop\\": { foo: \\"bar\\", bar: \\"foo\\", foo: \\"bar\\", bar: \\"foo\\", foo: \\"bar\\" }
});

const g = classnames({
  \\"some-prop\\": longLongLongLongLongLongLongLongLongLongLongLongLongTooLongVar || 1337
});
~~~~~~~~~~~~~~~~~~~~~~~~~~~~~~~~~~~~~~~~~~~~~~~~~~~~~~~~~~~~~~~~~~~~~~~~~~~~~~~~
const a = classnames({
  \\"some-prop\\": this.state.longLongLongLongLongLongLongLongLongTooLongProp
});

const b = classnames({
  \\"some-prop\\": this.state.longLongLongLongLongLongLongLongLongTooLongProp ===
    true
});

const c = classnames({
  \\"some-prop\\": [\\"foo\\", \\"bar\\", \\"foo\\", \\"bar\\", \\"foo\\", \\"bar\\", \\"foo\\", \\"bar\\", \\"foo\\"]
});

const d = classnames({
  \\"some-prop\\": () => {}
});

const e = classnames({
  \\"some-prop\\": function bar() {}
});

const f = classnames({
  \\"some-prop\\": { foo: \\"bar\\", bar: \\"foo\\", foo: \\"bar\\", bar: \\"foo\\", foo: \\"bar\\" }
});

const g = classnames({
  \\"some-prop\\": longLongLongLongLongLongLongLongLongLongLongLongLongTooLongVar ||
    1337
});
"
`;
