// Jest Snapshot v1, https://goo.gl/fbAQLP

exports[`last.js 1`] = `
"[,];
[,,];
[,,1,];
[,,1,1];
~~~~~~~~~~~~~~~~~~~~~~~~~~~~~~~~~~~~~~~~~~~~~~~~~~~~~~~~~~~~~~~~~~~~~~~~~~~~~~~~
[,];
[, ,];
[, , 1];
[, , 1, 1];
"
`;

exports[`last.js 2`] = `
"[,];
[,,];
[,,1,];
[,,1,1];
~~~~~~~~~~~~~~~~~~~~~~~~~~~~~~~~~~~~~~~~~~~~~~~~~~~~~~~~~~~~~~~~~~~~~~~~~~~~~~~~
[,];
[, ,];
[, , 1];
[, , 1, 1];
"
`;

exports[`preserve_empty_lines.js 1`] = `
"a = [

  1,
  2,

  3,


  4,


]
~~~~~~~~~~~~~~~~~~~~~~~~~~~~~~~~~~~~~~~~~~~~~~~~~~~~~~~~~~~~~~~~~~~~~~~~~~~~~~~~
a = [1, 2, 3, 4];
"
`;

exports[`preserve_empty_lines.js 2`] = `
"a = [

  1,
  2,

  3,


  4,


]
~~~~~~~~~~~~~~~~~~~~~~~~~~~~~~~~~~~~~~~~~~~~~~~~~~~~~~~~~~~~~~~~~~~~~~~~~~~~~~~~
a = [1, 2, 3, 4];
"
`;
